// Jest Snapshot v1, https://goo.gl/fbAQLP

exports[`should render AddBook correctly 1`] = `
<div>
  <h2>
    Add new book
  </h2>
  <BookForm
    onSubmit={[Function]}
  />
</div>
`;
