// Jest Snapshot v1, https://goo.gl/fbAQLP

exports[`should render EditBook correctly 1`] = `
<div>
  <BookForm
    onSubmit={[Function]}
  />
</div>
`;
